[asharamisynergy.com/index.html]
[asharamisynergy.com/assets/img/favicon/apple-touch-icon.png]
[asharamisynergy.com/assets/img/favicon/favicon-32x32.png]
[asharamisynergy.com/assets/img/favicon/favicon-16x16.png]
[cdnjs.cloudflare.com/ajax/libs/aos/2.3.4/aos.css]
[backblue.gif]
[fade.gif]
[index.html]
[asharamisynergy.com/imager/images/banners/47/home-trade_7bb39d0b7a.jpg]
[asharamisynergy.com/humans.txt]
[asharamisynergy.com/about.html]
[asharamisynergy.com/imager/images/banners/387/about-header_2db6fe.jpg]
[asharamisynergy.com/business-solutions.html]
[asharamisynergy.com/business-solutions/operations.html]
[asharamisynergy.com/business-solutions/asha-lubes.html]
[asharamisynergy.com/business-solutions/lpg.html]
[asharamisynergy.com/business-solutions/door-to-door.html]
[asharamisynergy.com/imager/images/banners/47/home-trade_2db6fe.jpg]
[asharamisynergy.com/sustainability.html]
[asharamisynergy.com/investors.html]
[asharamisynergy.com/media.html]
[asharamisynergy.com/media/news.html]
[asharamisynergy.com/media/photos.html]
[asharamisynergy.com/media/videos.html]
[asharamisynergy.com/imager/images/banners/1535/asharami-news_2db6fe.jpg]
[asharamisynergy.com/careers.html]
[asharamisynergy.com/contact.html]
[asharamisynergy.com/imager/images/banners/3044/home-trade-update_fa9134.jpg]
[asharamisynergy.com/imager/images/banners/48/home-storage_fa9134.jpg]
[asharamisynergy.com/imager/images/banners/80/home-retail_fa9134.jpg]
[asharamisynergy.com/imager/images/banners/49/home-marketing_fa9134.jpg]
[asharamisynergy.com/imager/images/banners/3292/d2d-header_fa9134.jpg]
[asharamisynergy.com/assets/images/asharami-storage-and-logistics.png]
[asharamisynergy.com/assets/img/globe.png]
[asharamisynergy.com/media/news/asharami-synergy-receives-three-iso-certifications-promotes-downstream-sustainability.html]
[asharamisynergy.com/imager/images/5349/Synergy-web-ISO_e2768e.png]
[asharamisynergy.com/media/news/asharami-synergy-targets-30-aviation-fuel-market-share-to-enhance-economic-growth.html]
[asharamisynergy.com/imager/images/5213/web-press-2_e2768e.png]
[asharamisynergy.com/media/news/value-for-money-campaign-as-a-consumer-engagement-drive.html]
[asharamisynergy.com/imager/photos/4391/d2d_e2768e.jpg]
[asharamisynergy.com/media/news/asharami-synergy-offers-value-for-money-with-diesel-to-your-doorstep-initiative.html]
[asharamisynergy.com/imager/photos/4421/d2dstory_e2768e.jpg]
[asharamisynergy.com/assets/img/Asharami-Synergy-Logo.png]
[platform.twitter.com/widgets.js]
[asharamisynergy.com/imager/images/3088/d2d-ad-update_5dd6d8.jpg]
[asharamisynergy.com/assets/images/sahara-foundation.jpg]
[asharamisynergy.com/sustainability/index.html]
[asharamisynergy.com/legal-notice.html]
[cdnjs.cloudflare.com/ajax/libs/jquery/3.2.1/jquery.min.js]
[cdnjs.cloudflare.com/ajax/libs/jquery-mousewheel/3.1.13/jquery.mousewheel.min.js]
[cdnjs.cloudflare.com/ajax/libs/foundation/6.5.3/js/plugins/foundation.core.min.js]
[cdnjs.cloudflare.com/ajax/libs/foundation/6.5.3/js/plugins/foundation.util.keyboard.min.js]
[cdnjs.cloudflare.com/ajax/libs/foundation/6.5.3/js/plugins/foundation.accordion.min.js]
[cdnjs.cloudflare.com/ajax/libs/lightgallery/1.6.12/js/lightgallery.min.js]
[cdnjs.cloudflare.com/ajax/libs/slick-carousel/1.9.0/slick.min.js]
[cdnjs.cloudflare.com/ajax/libs/aos/2.3.4/aos.js]
[cdnjs.cloudflare.com/ajax/libs/sticky-kit/1.1.3/sticky-kit.min.js]
[cdnjs.cloudflare.com/ajax/libs/jquery-scrollTo/2.1.2/jquery.scrollTo.min.js]
[cdnjs.cloudflare.com/ajax/libs/jquery-localScroll/2.0.0/jquery.localScroll.min.js]
[d3js.org/d3.v3.min.js]
[d3js.org/topojson.v1.min.js]
[asharamisynergy.com/assets/js/planetaryjs.min.js]
[cdnjs.cloudflare.com/ajax/libs/waypoints/4.0.1/noframework.waypoints.min.js]
[cdnjs.cloudflare.com/ajax/libs/waypoints/4.0.1/shortcuts/inview.min.js]
[cdnjs.cloudflare.com/ajax/libs/lettering.js/0.7.0/jquery.lettering.min.js]
[asharamisynergy.com/assets/js/app.js]
[www.google-analytics.com/analytics.js]
[asharamisynergy.com/index.html]
[asharamisynergy.com/assets/css/slick.css]
[asharamisynergy.com/assets/css/slick-theme.css]
[asharamisynergy.com/assets/fonts/lgd641.woff]
[asharamisynergy.com/assets/fonts/lgd641.ttf]
[asharamisynergy.com/assets/img/loading.gif]
[asharamisynergy.com/assets/css/lightgallery.css]
[cdnjs.cloudflare.com/ajax/libs/aos/2.3.4/aos.css]
[asharamisynergy.com/assets/fonts/hinted-subset-AvenirLTStd-BookOblique.woff2]
[asharamisynergy.com/assets/fonts/hinted-subset-AvenirLTStd-BookOblique.woff]
[asharamisynergy.com/assets/fonts/hinted-subset-AvenirLTStd-HeavyOblique.woff2]
[asharamisynergy.com/assets/fonts/hinted-subset-AvenirLTStd-HeavyOblique.woff]
[asharamisynergy.com/assets/fonts/hinted-subset-AvenirLTStd-Medium.woff2]
[asharamisynergy.com/assets/fonts/hinted-subset-AvenirLTStd-Medium.woff]
[asharamisynergy.com/assets/fonts/hinted-subset-AvenirLTStd-MediumOblique.woff2]
[asharamisynergy.com/assets/fonts/hinted-subset-AvenirLTStd-MediumOblique.woff]
[asharamisynergy.com/assets/fonts/hinted-subset-AvenirLTStd-Book.woff2]
[asharamisynergy.com/assets/fonts/hinted-subset-AvenirLTStd-Book.woff]
[asharamisynergy.com/assets/fonts/hinted-subset-AvenirLTStd-Heavy.woff2]
[asharamisynergy.com/assets/fonts/hinted-subset-AvenirLTStd-Heavy.woff]
[asharamisynergy.com/assets/fonts/iconfonts.eot]
[asharamisynergy.com/assets/fonts/iconfontsd41d.eot]
[asharamisynergy.com/assets/fonts/iconfonts.woff2]
[asharamisynergy.com/assets/fonts/iconfonts.woff]
[asharamisynergy.com/assets/fonts/iconfonts.ttf]
[asharamisynergy.com/assets/css/app9bf3.css]
[asharamisynergy.com/assets/img/asharami-logo.svg]
[asharamisynergy.com/imager/images/banners/4259/Asharami-about_200812_114250_fa9134.jpg]
[asharamisynergy.com/imager/images/482/asharami-synergy-1996_7074da.jpg]
[asharamisynergy.com/imager/images/483/asharami-2003_7074da.jpg]
[asharamisynergy.com/imager/images/milestones/486/asharami-2006_7074da.jpg]
[asharamisynergy.com/imager/images/milestones/485/asharami-2009_7074da.jpg]
[asharamisynergy.com/imager/images/milestones/484/asharami-2017_7074da.jpg]
[asharamisynergy.com/imager/images/4134/culture-bg-update2_31869a.jpg]
[asharamisynergy.com/about.html]
[asharamisynergy.com/imager/images/banners/1753/asharami-our-operations_637e7a.jpg]
[asharamisynergy.com/imager/images/banners/1950/asharami-asha-lubes_637e7a.jpg]
[asharamisynergy.com/imager/images/banners/3292/d2d-header_637e7a.jpg]
[asharamisynergy.com/imager/images/banners/2465/asha-lpg_637e7a.jpg]
[asharamisynergy.com/business-solutions.html]
[asharamisynergy.com/imager/images/banners/1753/asharami-our-operations_fa9134.jpg]
[asharamisynergy.com/business-solutions/operations.html]
[asharamisynergy.com/imager/images/banners/1950/asharami-asha-lubes_fa9134.jpg]
[asharamisynergy.com/business-solutions/asha-lubes.html]
[asharamisynergy.com/imager/images/banners/2465/asha-lpg_fa9134.jpg]
[asharamisynergy.com/imager/images/2475/asha-gas-2_637e7a.png]
[asharamisynergy.com/business-solutions/lpg.html]
[asharamisynergy.com/imager/images/2154/d2d-1_637e7a.jpg]
[asharamisynergy.com/sah_bi/ashPage.js]
[asharamisynergy.com/business-solutions/door-to-door.html]
[asharamisynergy.com/imager/images/banners/1001/asharami-sustainability_fa9134.jpg]
[asharamisynergy.com/resources/redefining-business-building-a-new-system-network.html]
[asharamisynergy.com/imager/images/featured-images/935/asharamis-2017-sustainability-report_2db6fe.jpg]
[asharamisynergy.com/sustainability.html]
[asharamisynergy.com/imager/images/banners/841/asharami-investor-relations_fa9134.jpg]
[asharamisynergy.com/resources/2019-first-quarter-filing-of-unaudited-results.html]
[asharamisynergy.com/resources/index.html]
[asharamisynergy.com/imager/images/featured-images/940/asharami-statement-of-annual-report_2db6fe.jpg]
[asharamisynergy.com/assets/resources/asharami-synergy-plc-2019-first-quarter-filing-of-unaudited-results.pdf]
[asharamisynergy.com/assets/resources/asharamis-2017-sustainability-report.pdf]
[asharamisynergy.com/investors.html]
[asharamisynergy.com/imager/images/banners/1535/asharami-news_fa9134.jpg]
[asharamisynergy.com/imager/images/5349/Synergy-web-ISO_4cd6ed.png]
[asharamisynergy.com/imager/images/5213/web-press-2_ddd8aa.png]
[asharamisynergy.com/imager/photos/4391/d2d_ddd8aa.jpg]
[asharamisynergy.com/imager/photos/4421/d2dstory_ddd8aa.jpg]
[asharamisynergy.com/media/news/asharami-synergy-enters-lubricants-market-with-high-performing-engine-oil.html]
[asharamisynergy.com/imager/photos/3573/IMG_9825-min_ddd8aa.jpg]
[asharamisynergy.com/media/photos/events.html]
[asharamisynergy.com/imager/images/banners/209/asharami-events_e2768e.jpg]
[asharamisynergy.com/media/photos/foundation.html]
[asharamisynergy.com/imager/images/banners/211/asharami-foundation_e2768e.jpg]
[asharamisynergy.com/media/photos/operations.html]
[asharamisynergy.com/imager/images/banners/213/asharami-operations_e2768e.jpg]
[asharamisynergy.com/media/photos/people.html]
[asharamisynergy.com/imager/images/featured-images/215/asharami-people_e2768e.jpg]
[asharamisynergy.com/media.html]
[asharamisynergy.com/imager/images/5349/Synergy-web-ISO_b2c24e.png]
[asharamisynergy.com/imager/images/5213/web-press-2_b2c24e.png]
[asharamisynergy.com/imager/photos/4391/d2d_b2c24e.jpg]
[asharamisynergy.com/imager/photos/4421/d2dstory_b2c24e.jpg]
[asharamisynergy.com/imager/photos/3573/IMG_9825-min_b2c24e.jpg]
[asharamisynergy.com/media/news/asharami-synergy-launches-asha-engine-oil-to-meet-demand-for-quality-lubricants.html]
[asharamisynergy.com/imager/photos/3559/lubes_b2c24e.jpg]
[asharamisynergy.com/media/news/asharami-synergy-drives-access-to-diesel-with-door-2-door-campaign.html]
[asharamisynergy.com/media/news/asharami-synergy-bags-iso-certification-for-quality-management-systems.html]
[asharamisynergy.com/imager/images/201/asharami-staff-fueling-JET_b2c24e.jpg]
[asharamisynergy.com/media/news/asharami-synergy-highlights-growth-enablers-for-african-downstream-sector-at-otl-2018.html]
[asharamisynergy.com/imager/images/205/asharami-synergy-highlights-growth-enablers_b2c24e.jpg]
[asharamisynergy.com/media/news.html]
[asharamisynergy.com/media/photos.html]
[asharamisynergy.com/media/videos.html]
[asharamisynergy.com/media/videos/people.html]
[asharamisynergy.com/imager/images/banners/3442/Careers_fa9134.jpg]
[asharamisynergy.com/assets/images/asharami-people.png]
[asharamisynergy.com/imager/images/1257/asharami-staff-career_image_5dd6d8.jpg]
[asharamisynergy.com/imager/images/1258/asharami-career-staff_5dd6d8.jpg]
[asharamisynergy.com/imager/images/1259/asharami-people-1_dfb711.jpg]
[asharamisynergy.com/imager/images/1260/asharami-people-2_dfb711.jpg]
[asharamisynergy.com/imager/images/1262/asharami-people-8_725a4b.jpg]
[asharamisynergy.com/imager/images/1259/asharami-people-1_725a4b.jpg]
[asharamisynergy.com/imager/images/1263/asharami-people-4_725a4b.jpg]
[asharamisynergy.com/imager/images/1264/asharami-people-5_725a4b.jpg]
[asharamisynergy.com/imager/images/1265/asharami-people-6_725a4b.jpg]
[asharamisynergy.com/imager/images/1266/asharami-people-7_725a4b.jpg]
[asharamisynergy.com/imager/images/1267/asharami-people-9_725a4b.jpg]
[asharamisynergy.com/imager/images/1268/asharami-people-10_725a4b.jpg]
[asharamisynergy.com/imager/images/1490/jennifer-ugorji_01e6c4.jpg]
[asharamisynergy.com/imager/images/1492/dare-adekoya_01e6c4.jpg]
[asharamisynergy.com/imager/images/1493/osarieme-oke-ifidon_01e6c4.jpg]
[asharamisynergy.com/imager/images/1494/alamin-kamaldeen_01e6c4.jpg]
[asharamisynergy.com/imager/images/1495/abiba-badmus_01e6c4.jpg]
[cdnjs.cloudflare.com/ajax/libs/parsley.js/2.9.1/parsley.min.js]
[cdnjs.cloudflare.com/ajax/libs/axios/0.19.0/axios.min.js]
[asharamisynergy.com/assets/js/forms.js]
[asharamisynergy.com/careers.html]
[asharamisynergy.com/imager/images/banners/948/asharami-contact_fa9134.jpg]
[asharamisynergy.com/contact.html]
[asharamisynergy.com/assets/images/image00005.jpeg]
[asharamisynergy.com/imager/images/5213/web-press-2_4cd6ed.png]
[asharamisynergy.com/imager/photos/4391/d2d_4cd6ed.jpg]
[asharamisynergy.com/imager/photos/4421/d2dstory_4cd6ed.jpg]
[asharamisynergy.com/media/news/asharami-synergy-receives-three-iso-certifications-promotes-downstream-sustainability.html]
[asharamisynergy.com/assets/images/Sahara-MMA2.jpeg]
[asharamisynergy.com/media/news/asharami-synergy-targets-30-aviation-fuel-market-share-to-enhance-economic-growth.html]
[asharamisynergy.com/assets/images/Foluso-Sobanjo.jpg]
[asharamisynergy.com/media/news/value-for-money-campaign-as-a-consumer-engagement-drive.html]
[asharamisynergy.com/media/news/asharami-synergy-offers-value-for-money-with-diesel-to-your-doorstep-initiative.html]
[asharamisynergy.com/assets/img/facebook.svg]
[asharamisynergy.com/assets/img/twitter.svg]
[asharamisynergy.com/assets/img/instagram.svg]
[asharamisynergy.com/assets/img/youtube.svg]
[asharamisynergy.com/assets/img/linkedin.svg]
[asharamisynergy.com/business-solutions/asha-lubes-2.html]
[asharamisynergy.com/about/locations.html]
[asharamisynergy.com/sustainability/index.html]
[asharamisynergy.com/legal-notice.html]
[asharamisynergy.com/GET.html]
[asharamisynergy.com/assets/css/ajax-loader.html]
[asharamisynergy.com/assets/css/fonts/slick.html]
[asharamisynergy.com/assets/css/fonts/slickd41d.html]
[asharamisynergy.com/assets/css/fonts/slick-2.html]
[asharamisynergy.com/assets/css/fonts/slick-3.html]
[asharamisynergy.com/assets/css/fonts/slick-4.html]
[asharamisynergy.com/assets/fonts/lgd641.html]
[asharamisynergy.com/assets/fonts/lgd41d.html]
[asharamisynergy.com/assets/fonts/lgd641-2.html]
[asharamisynergy.com/assets/img/vimeo-play.html]
[asharamisynergy.com/assets/img/video-play.html]
[asharamisynergy.com/assets/img/youtube-play.html]
[asharamisynergy.com/assets/img/banner-wrapper-update.svg]
[asharamisynergy.com/assets/img/banner-wrapper-white.svg]
[asharamisynergy.com/assets/img/bottom.svg]
[asharamisynergy.com/assets/img/footer_bg.svg]
[asharamisynergy.com/assets/fonts/iconfonts.svg]
[asharamisynergy.com/assets/img/speech-background.svg]
[asharamisynergy.com/assets/img/clip-path.svg]
[asharamisynergy.com/assets/img/background.svg]
[asharamisynergy.com/business-solutions/GET.html]
[asharamisynergy.com/assets/images/d2d-how-it-works.svg]
[asharamisynergy.com/resources.html]
[asharamisynergy.com/resources/redefining-business-building-a-new-system-network.html]
[asharamisynergy.com/resources/index.html]
[asharamisynergy.com/resources/2019-first-quarter-filing-of-unaudited-results.html]
[asharamisynergy.com/assets/photos/lubes.jpg]
[asharamisynergy.com/media/news/asharami-synergy-enters-lubricants-market-with-high-performing-engine-oil.html]
[asharamisynergy.com/media/photos/end-of-year-party-2017.html]
[asharamisynergy.com/imager/images/banners/325/end-of-year-party-2017_e2768e.jpg]
[asharamisynergy.com/media/photos/variety-night-2018.html]
[asharamisynergy.com/imager/images/banners/312/variety-night-2018_e2768e.jpg]
[asharamisynergy.com/media/photos/saralympics-2018.html]
[asharamisynergy.com/imager/images/banners/298/saralympics-2018_e2768e.jpg]
[asharamisynergy.com/media/photos/end-of-year-party-2018.html]
[asharamisynergy.com/imager/images/banners/281/end-of-year-party-2018_e2768e.jpg]
[asharamisynergy.com/media/photos/pink-valentine.html]
[asharamisynergy.com/imager/images/featured-images/267/pink-valentine_e2768e.jpg]
[asharamisynergy.com/media/photos/international-womens-day-2019.html]
[asharamisynergy.com/imager/images/featured-images/245/international-womens-day-2019_e2768e.jpg]
[asharamisynergy.com/media/photos/cultural-diversity-day-2018.html]
[asharamisynergy.com/imager/images/banners/233/asharami-cultural-diversity-day-2018_e2768e.jpg]
[asharamisynergy.com/media/photos/asharami-synergy-at-otl.html]
[asharamisynergy.com/imager/photos/218/asharami-synergy-at-otl_e2768e.jpg]
[asharamisynergy.com/media/photos/events.html]
[asharamisynergy.com/imager/photos/343/foundation4_7d0916.jpg]
[asharamisynergy.com/imager/photos/342/foundation3_7d0916.jpg]
[asharamisynergy.com/imager/photos/341/foundation2_7d0916.jpg]
[asharamisynergy.com/imager/photos/340/foundation_7d0916.jpg]
[asharamisynergy.com/media/photos/foundation.html]
[asharamisynergy.com/imager/photos/359/asharami-operations13_7d0916.jpg]
[asharamisynergy.com/imager/photos/358/asharami-operations12_7d0916.jpg]
[asharamisynergy.com/imager/photos/357/asharami-operations11_7d0916.jpg]
[asharamisynergy.com/imager/photos/356/asharami-operations10_7d0916.jpg]
[asharamisynergy.com/imager/photos/355/asharami-operations9_7d0916.jpg]
[asharamisynergy.com/imager/photos/354/asharami-operations8_7d0916.jpg]
[asharamisynergy.com/imager/photos/353/asharami-operations7_7d0916.jpg]
[asharamisynergy.com/imager/photos/352/asharami-operations6_7d0916.jpg]
[asharamisynergy.com/imager/photos/351/asharami-operations5_7d0916.jpg]
[asharamisynergy.com/imager/photos/350/asharami-operations4_7d0916.jpg]
[asharamisynergy.com/imager/photos/349/asharami-operations3_7d0916.jpg]
[asharamisynergy.com/imager/photos/348/asharami-operations2_7d0916.jpg]
[asharamisynergy.com/imager/photos/347/asharami-operations_7d0916.jpg]
[asharamisynergy.com/media/photos/operations.html]
[asharamisynergy.com/imager/photos/375/asharami-people12_7d0916.jpg]
[asharamisynergy.com/imager/photos/374/asharami-people11_7d0916.jpg]
[asharamisynergy.com/imager/photos/373/asharami-people10_7d0916.jpg]
[asharamisynergy.com/imager/photos/372/asharami-people9_7d0916.jpg]
[asharamisynergy.com/imager/photos/371/asharami-people8_7d0916.jpg]
[asharamisynergy.com/imager/photos/370/asharami-people7_7d0916.jpg]
[asharamisynergy.com/imager/photos/369/asharami-people6_7d0916.jpg]
[asharamisynergy.com/imager/photos/368/asharami-people5_7d0916.jpg]
[asharamisynergy.com/imager/photos/367/asharami-people4_7d0916.jpg]
[asharamisynergy.com/imager/photos/366/asharami-people3_7d0916.jpg]
[asharamisynergy.com/imager/photos/365/asharami-people2_7d0916.jpg]
[asharamisynergy.com/imager/photos/364/asharami-people_7d0916.jpg]
[asharamisynergy.com/media/photos/people.html]
[asharamisynergy.com/assets/photos/IMG_9825-min.jpg]
[asharamisynergy.com/assets/photos/IMG_9982-min.jpg]
[asharamisynergy.com/media/news/asharami-synergy-launches-asha-engine-oil-to-meet-demand-for-quality-lubricants.html]
[asharamisynergy.com/media/news/asharami-synergy-drives-access-to-diesel-with-door-2-door-campaign.html]
[www.sahara-group.com/wp-content/uploads/2018/10/Moroti.jpg]
[asharamisynergy.com/media/news/asharami-synergy-bags-iso-certification-for-quality-management-systems.html]
[www.sahara-group.com/wp-content/uploads/2018/10/otl-22.png]
[asharamisynergy.com/media/news/asharami-synergy-highlights-growth-enablers-for-african-downstream-sector-at-otl-2018.html]
[asharamisynergy.com/media/GET.html]
[asharamisynergy.com/media/videos/balance-for-better.html]
[asharamisynergy.com/media/videos/people.html]
[asharamisynergy.com/share.html]
[asharamisynergy.com/media/news/Asharami Synergy receives three ISO certifications, promotes downstream sustainability.html]
[asharamisynergy.com/media/news/GET.html]
[asharamisynergy.com/media/news/Asharami Synergy targets 30% aviation fuel market share to enhance economic growth.html]
[asharamisynergy.com/media/news/Value for Money Campaign as a Consumer Engagement Drive.html]
[asharamisynergy.com/media/news/Asharami Synergy offers value for money with ‘diesel to your doorstep’ initiative.html]
[asharamisynergy.com/sustainability/GET.html]
[asharamisynergy.com/resources.html]
[asharamisynergy.com/resources/GET.html]
[asharamisynergy.com/media/news/Asharami Synergy enters lubricants’ market with high performing engine oil.html]
[asharamisynergy.com/imager/photos/335/end-of-year-party-2017_7d0916.jpg]
[asharamisynergy.com/imager/photos/334/end-of-year-party-2017-10_7d0916.jpg]
[asharamisynergy.com/imager/photos/333/end-of-year-party-2017-9_7d0916.jpg]
[asharamisynergy.com/imager/photos/332/end-of-year-party-2017-8_7d0916.jpg]
[asharamisynergy.com/imager/photos/331/end-of-year-party-2017-7_7d0916.jpg]
[asharamisynergy.com/imager/photos/330/end-of-year-party-2017-6_7d0916.jpg]
[asharamisynergy.com/imager/photos/329/end-of-year-party-2017-5_7d0916.jpg]
[asharamisynergy.com/imager/photos/328/end-of-year-party-2017-4_7d0916.jpg]
[asharamisynergy.com/imager/photos/327/end-of-year-party-2017-3_7d0916.jpg]
[asharamisynergy.com/imager/photos/326/end-of-year-party-2017-2_7d0916.jpg]
[asharamisynergy.com/media/photos/end-of-year-party-2017.html]
[asharamisynergy.com/imager/photos/313/variety-night-2018_7d0916.jpg]
[asharamisynergy.com/imager/photos/314/variety-night-2018-2_7d0916.jpg]
[asharamisynergy.com/imager/photos/315/variety-night-2018-3_7d0916.jpg]
[asharamisynergy.com/imager/photos/316/variety-night-2018-4_7d0916.jpg]
[asharamisynergy.com/imager/photos/317/variety-night-2018-5_7d0916.jpg]
[asharamisynergy.com/imager/photos/318/variety-night-2018-6_7d0916.jpg]
[asharamisynergy.com/imager/photos/319/variety-night-2018-7_7d0916.jpg]
[asharamisynergy.com/imager/photos/320/variety-night-2018-8_7d0916.jpg]
[asharamisynergy.com/imager/photos/321/variety-night-2018-9_7d0916.jpg]
[asharamisynergy.com/media/photos/variety-night-2018.html]
[asharamisynergy.com/imager/photos/308/asharami-at-saralympics-2018_7d0916.jpg]
[asharamisynergy.com/imager/photos/307/asharami-at-saralympics-2018-10_7d0916.jpg]
[asharamisynergy.com/imager/photos/306/asharami-at-saralympics-2018-9_7d0916.jpg]
[asharamisynergy.com/imager/photos/305/asharami-at-saralympics-2018-8_7d0916.jpg]
[asharamisynergy.com/imager/photos/304/asharami-at-saralympics-2018-7_7d0916.jpg]
[asharamisynergy.com/media/photos/saralympics-2018.html]
[asharamisynergy.com/imager/photos/282/sahara-group-end-of-year-party-2018_7d0916.jpg]
[asharamisynergy.com/imager/photos/283/sahara-group-end-of-year-party-2018-2_7d0916.jpg]
[asharamisynergy.com/imager/photos/285/sahara-group-end-of-year-party-2018-4_7d0916.jpg]
[asharamisynergy.com/imager/photos/284/sahara-group-end-of-year-party-2018-3_7d0916.jpg]
[asharamisynergy.com/imager/photos/287/sahara-group-end-of-year-party-2018-6_7d0916.jpg]
[asharamisynergy.com/imager/photos/286/sahara-group-end-of-year-party-2018-5_7d0916.jpg]
[asharamisynergy.com/imager/photos/288/sahara-group-end-of-year-party-2018-7_7d0916.jpg]
[asharamisynergy.com/imager/photos/289/sahara-group-end-of-year-party-2018-8_7d0916.jpg]
[asharamisynergy.com/imager/photos/290/sahara-group-end-of-year-party-2018-9_7d0916.jpg]
[asharamisynergy.com/imager/photos/291/sahara-group-end-of-year-party-2018-10_7d0916.jpg]
[asharamisynergy.com/imager/photos/292/sahara-group-end-of-year-party-2018-11_7d0916.jpg]
[asharamisynergy.com/imager/photos/293/sahara-group-end-of-year-party-2018-12_7d0916.jpg]
[asharamisynergy.com/imager/photos/294/sahara-group-end-of-year-party-2018-13_7d0916.jpg]
[asharamisynergy.com/media/photos/end-of-year-party-2018.html]
[asharamisynergy.com/imager/photos/277/asharami-pink-valentine10_7d0916.jpg]
[asharamisynergy.com/imager/photos/276/asharami-pink-valentine9_7d0916.jpg]
[asharamisynergy.com/imager/photos/275/asharami-pink-valentine8_7d0916.jpg]
[asharamisynergy.com/imager/photos/274/asharami-pink-valentine7_7d0916.jpg]
[asharamisynergy.com/imager/photos/273/asharami-pink-valentine6_7d0916.jpg]
[asharamisynergy.com/imager/photos/272/asharami-pink-valentine5_7d0916.jpg]
[asharamisynergy.com/imager/photos/271/asharami-pink-valentine4_7d0916.jpg]
[asharamisynergy.com/imager/photos/270/asharami-pink-valentine3_7d0916.jpg]
[asharamisynergy.com/imager/photos/269/asharami-pink-valentine2_7d0916.jpg]
[asharamisynergy.com/imager/photos/268/asharami-pink-valentine_7d0916.jpg]
[asharamisynergy.com/media/photos/pink-valentine.html]
[asharamisynergy.com/imager/photos/246/asharami-balance-for-better15_7d0916.jpg]
[asharamisynergy.com/imager/photos/247/asharami-balance-for-better12_7d0916.jpg]
[asharamisynergy.com/imager/photos/248/asharami-balance-for-better13_7d0916.jpg]
[asharamisynergy.com/imager/photos/249/asharami-balance-for-better11_7d0916.jpg]
[asharamisynergy.com/imager/photos/250/asharami-balance-for-better10_7d0916.jpg]
[asharamisynergy.com/imager/photos/251/asharami-balance-for-better8_7d0916.jpg]
[asharamisynergy.com/imager/photos/252/asharami-balance-for-better7_7d0916.jpg]
[asharamisynergy.com/imager/photos/253/asharami-balance-for-better6_7d0916.jpg]
[asharamisynergy.com/imager/photos/254/asharami-balance-for-better5_7d0916.jpg]
[asharamisynergy.com/imager/photos/256/asharami-balance-for-better4_7d0916.jpg]
[asharamisynergy.com/imager/photos/258/asharami-balance-for-better3_7d0916.jpg]
[asharamisynergy.com/imager/photos/260/asharami-balance-for-better2_7d0916.jpg]
[asharamisynergy.com/imager/photos/262/asharami-balance-for-better_7d0916.jpg]
[asharamisynergy.com/media/photos/international-womens-day-2019.html]
[asharamisynergy.com/imager/photos/234/asharami-cultural-day8_7d0916.jpg]
[asharamisynergy.com/imager/photos/235/asharami-cultural-day7_7d0916.jpg]
[asharamisynergy.com/imager/photos/236/asharami-cultural-day6_7d0916.jpg]
[asharamisynergy.com/imager/photos/237/asharami-cultural-day5_7d0916.jpg]
[asharamisynergy.com/imager/photos/238/asharami-cultural-day4_7d0916.jpg]
[asharamisynergy.com/imager/photos/239/asharami-cultural-day3_7d0916.jpg]
[asharamisynergy.com/imager/photos/240/asharami-cultural-day2_7d0916.jpg]
[asharamisynergy.com/imager/photos/241/asharami-cultural-day_7d0916.jpg]
[asharamisynergy.com/media/photos/cultural-diversity-day-2018.html]
[asharamisynergy.com/imager/photos/221/events_7d0916.jpg]
[asharamisynergy.com/imager/photos/222/IMG_4787_7d0916.jpg]
[asharamisynergy.com/imager/photos/223/IMG_4837_7d0916.jpg]
[asharamisynergy.com/imager/photos/224/IMG_4853_7d0916.jpg]
[asharamisynergy.com/imager/photos/225/IMG_4874_7d0916.jpg]
[asharamisynergy.com/imager/photos/226/IMG_4876_7d0916.jpg]
[asharamisynergy.com/imager/photos/227/IMG_4926_7d0916.jpg]
[asharamisynergy.com/imager/photos/229/IMG_5078_7d0916.jpg]
[asharamisynergy.com/imager/photos/228/IMG_5007_7d0916.jpg]
[asharamisynergy.com/imager/photos/230/IMG_5106_7d0916.jpg]
[asharamisynergy.com/media/photos/asharami-synergy-at-otl.html]
[asharamisynergy.com/media/photos/GET.html]
[asharamisynergy.com/media/news/Asharami Synergy Launches Asha Engine Oil to Meet Demand for Quality Lubricants.html]
[asharamisynergy.com/media/news/Asharami Synergy Drives Access to Diesel with Door-2-Door Campaign.html]
[asharamisynergy.com/media/news/Asharami Synergy Bags ISO Certification For Quality Management Systems.html]
[asharamisynergy.com/media/news/Asharami Synergy Highlights Growth Enablers For African Downstream Sector At OTL 2018.html]
[asharamisynergy.com/media/videos/balance-for-better.html]
[asharamisynergy.com/media/videos/GET.html]
